  Asset.cpp
D:\Curso c++\ProyectoFinal_BrunoFerreyra\Proyecto_Final_Ferreyra\Proyecto_Final_Ferreyra\libs\SFML\include\SFML\System\Exception.hpp(41,47): warning C4275: se ha utilizado una interfaz no de DLL class 'std::runtime_error' como base para la interfaz DLL class 'sf::Exception'
  (compilando archivo de origen "src/Asset.cpp")
      C:\Program Files\Microsoft Visual Studio\2022\Community\VC\Tools\MSVC\14.43.34808\include\stdexcept(100,19):
      vea la declaración de 'std::runtime_error'
      D:\Curso c++\ProyectoFinal_BrunoFerreyra\Proyecto_Final_Ferreyra\Proyecto_Final_Ferreyra\libs\SFML\include\SFML\System\Exception.hpp(41,23):
      vea la declaración de 'sf::Exception'
  
  Bar.cpp
D:\Curso c++\ProyectoFinal_BrunoFerreyra\Proyecto_Final_Ferreyra\Proyecto_Final_Ferreyra\libs\SFML\include\SFML\System\Exception.hpp(41,47): warning C4275: se ha utilizado una interfaz no de DLL class 'std::runtime_error' como base para la interfaz DLL class 'sf::Exception'
  (compilando archivo de origen "src/Bar.cpp")
      C:\Program Files\Microsoft Visual Studio\2022\Community\VC\Tools\MSVC\14.43.34808\include\stdexcept(100,19):
      vea la declaración de 'std::runtime_error'
      D:\Curso c++\ProyectoFinal_BrunoFerreyra\Proyecto_Final_Ferreyra\Proyecto_Final_Ferreyra\libs\SFML\include\SFML\System\Exception.hpp(41,23):
      vea la declaración de 'sf::Exception'
  
D:\Curso c++\ProyectoFinal_BrunoFerreyra\Proyecto_Final_Ferreyra\Proyecto_Final_Ferreyra\src\Bar.cpp(13,38): warning C4244: '=': conversión de 'float' a 'int'; posible pérdida de datos
D:\Curso c++\ProyectoFinal_BrunoFerreyra\Proyecto_Final_Ferreyra\Proyecto_Final_Ferreyra\src\Bar.cpp(14,40): warning C4244: '=': conversión de 'float' a 'int'; posible pérdida de datos
  Battle.cpp
D:\Curso c++\ProyectoFinal_BrunoFerreyra\Proyecto_Final_Ferreyra\Proyecto_Final_Ferreyra\libs\SFML\include\SFML\System\Exception.hpp(41,47): warning C4275: se ha utilizado una interfaz no de DLL class 'std::runtime_error' como base para la interfaz DLL class 'sf::Exception'
  (compilando archivo de origen "src/Battle.cpp")
      C:\Program Files\Microsoft Visual Studio\2022\Community\VC\Tools\MSVC\14.43.34808\include\stdexcept(100,19):
      vea la declaración de 'std::runtime_error'
      D:\Curso c++\ProyectoFinal_BrunoFerreyra\Proyecto_Final_Ferreyra\Proyecto_Final_Ferreyra\libs\SFML\include\SFML\System\Exception.hpp(41,23):
      vea la declaración de 'sf::Exception'
  
D:\Curso c++\ProyectoFinal_BrunoFerreyra\Proyecto_Final_Ferreyra\Proyecto_Final_Ferreyra\src\Battle.cpp(122,30): warning C4244: 'argumento': conversión de 'float' a 'int'; posible pérdida de datos
  CollectablesUI.cpp
D:\Curso c++\ProyectoFinal_BrunoFerreyra\Proyecto_Final_Ferreyra\Proyecto_Final_Ferreyra\libs\SFML\include\SFML\System\Exception.hpp(41,47): warning C4275: se ha utilizado una interfaz no de DLL class 'std::runtime_error' como base para la interfaz DLL class 'sf::Exception'
  (compilando archivo de origen "src/CollectablesUI.cpp")
      C:\Program Files\Microsoft Visual Studio\2022\Community\VC\Tools\MSVC\14.43.34808\include\stdexcept(100,19):
      vea la declaración de 'std::runtime_error'
      D:\Curso c++\ProyectoFinal_BrunoFerreyra\Proyecto_Final_Ferreyra\Proyecto_Final_Ferreyra\libs\SFML\include\SFML\System\Exception.hpp(41,23):
      vea la declaración de 'sf::Exception'
  
  EnemyAsset.cpp
D:\Curso c++\ProyectoFinal_BrunoFerreyra\Proyecto_Final_Ferreyra\Proyecto_Final_Ferreyra\libs\SFML\include\SFML\System\Exception.hpp(41,47): warning C4275: se ha utilizado una interfaz no de DLL class 'std::runtime_error' como base para la interfaz DLL class 'sf::Exception'
  (compilando archivo de origen "src/EnemyAsset.cpp")
      C:\Program Files\Microsoft Visual Studio\2022\Community\VC\Tools\MSVC\14.43.34808\include\stdexcept(100,19):
      vea la declaración de 'std::runtime_error'
      D:\Curso c++\ProyectoFinal_BrunoFerreyra\Proyecto_Final_Ferreyra\Proyecto_Final_Ferreyra\libs\SFML\include\SFML\System\Exception.hpp(41,23):
      vea la declaración de 'sf::Exception'
  
  Game.cpp
D:\Curso c++\ProyectoFinal_BrunoFerreyra\Proyecto_Final_Ferreyra\Proyecto_Final_Ferreyra\libs\SFML\include\SFML\System\Exception.hpp(41,47): warning C4275: se ha utilizado una interfaz no de DLL class 'std::runtime_error' como base para la interfaz DLL class 'sf::Exception'
  (compilando archivo de origen "src/Game.cpp")
      C:\Program Files\Microsoft Visual Studio\2022\Community\VC\Tools\MSVC\14.43.34808\include\stdexcept(100,19):
      vea la declaración de 'std::runtime_error'
      D:\Curso c++\ProyectoFinal_BrunoFerreyra\Proyecto_Final_Ferreyra\Proyecto_Final_Ferreyra\libs\SFML\include\SFML\System\Exception.hpp(41,23):
      vea la declaración de 'sf::Exception'
  
D:\Curso c++\ProyectoFinal_BrunoFerreyra\Proyecto_Final_Ferreyra\Proyecto_Final_Ferreyra\src\Game.cpp(22,12): warning C4244: 'argumento': conversión de 'time_t' a 'unsigned int'; posible pérdida de datos
  Gameplay.cpp
D:\Curso c++\ProyectoFinal_BrunoFerreyra\Proyecto_Final_Ferreyra\Proyecto_Final_Ferreyra\libs\SFML\include\SFML\System\Exception.hpp(41,47): warning C4275: se ha utilizado una interfaz no de DLL class 'std::runtime_error' como base para la interfaz DLL class 'sf::Exception'
  (compilando archivo de origen "src/Gameplay.cpp")
      C:\Program Files\Microsoft Visual Studio\2022\Community\VC\Tools\MSVC\14.43.34808\include\stdexcept(100,19):
      vea la declaración de 'std::runtime_error'
      D:\Curso c++\ProyectoFinal_BrunoFerreyra\Proyecto_Final_Ferreyra\Proyecto_Final_Ferreyra\libs\SFML\include\SFML\System\Exception.hpp(41,23):
      vea la declaración de 'sf::Exception'
  
  InteractableAsset.cpp
D:\Curso c++\ProyectoFinal_BrunoFerreyra\Proyecto_Final_Ferreyra\Proyecto_Final_Ferreyra\libs\SFML\include\SFML\System\Exception.hpp(41,47): warning C4275: se ha utilizado una interfaz no de DLL class 'std::runtime_error' como base para la interfaz DLL class 'sf::Exception'
  (compilando archivo de origen "src/InteractableAsset.cpp")
      C:\Program Files\Microsoft Visual Studio\2022\Community\VC\Tools\MSVC\14.43.34808\include\stdexcept(100,19):
      vea la declaración de 'std::runtime_error'
      D:\Curso c++\ProyectoFinal_BrunoFerreyra\Proyecto_Final_Ferreyra\Proyecto_Final_Ferreyra\libs\SFML\include\SFML\System\Exception.hpp(41,23):
      vea la declaración de 'sf::Exception'
  
  Level01.cpp
D:\Curso c++\ProyectoFinal_BrunoFerreyra\Proyecto_Final_Ferreyra\Proyecto_Final_Ferreyra\libs\SFML\include\SFML\System\Exception.hpp(41,47): warning C4275: se ha utilizado una interfaz no de DLL class 'std::runtime_error' como base para la interfaz DLL class 'sf::Exception'
  (compilando archivo de origen "src/Level01.cpp")
      C:\Program Files\Microsoft Visual Studio\2022\Community\VC\Tools\MSVC\14.43.34808\include\stdexcept(100,19):
      vea la declaración de 'std::runtime_error'
      D:\Curso c++\ProyectoFinal_BrunoFerreyra\Proyecto_Final_Ferreyra\Proyecto_Final_Ferreyra\libs\SFML\include\SFML\System\Exception.hpp(41,23):
      vea la declaración de 'sf::Exception'
  
D:\Curso c++\ProyectoFinal_BrunoFerreyra\Proyecto_Final_Ferreyra\Proyecto_Final_Ferreyra\src\Level01.cpp(7,27): warning C4834: Descartar el valor de retorno de la función con el atributo [[nodiscard]]
  Level02.cpp
D:\Curso c++\ProyectoFinal_BrunoFerreyra\Proyecto_Final_Ferreyra\Proyecto_Final_Ferreyra\libs\SFML\include\SFML\System\Exception.hpp(41,47): warning C4275: se ha utilizado una interfaz no de DLL class 'std::runtime_error' como base para la interfaz DLL class 'sf::Exception'
  (compilando archivo de origen "src/Level02.cpp")
      C:\Program Files\Microsoft Visual Studio\2022\Community\VC\Tools\MSVC\14.43.34808\include\stdexcept(100,19):
      vea la declaración de 'std::runtime_error'
      D:\Curso c++\ProyectoFinal_BrunoFerreyra\Proyecto_Final_Ferreyra\Proyecto_Final_Ferreyra\libs\SFML\include\SFML\System\Exception.hpp(41,23):
      vea la declaración de 'sf::Exception'
  
D:\Curso c++\ProyectoFinal_BrunoFerreyra\Proyecto_Final_Ferreyra\Proyecto_Final_Ferreyra\src\Level02.cpp(5,27): warning C4834: Descartar el valor de retorno de la función con el atributo [[nodiscard]]
  LevelCave.cpp
D:\Curso c++\ProyectoFinal_BrunoFerreyra\Proyecto_Final_Ferreyra\Proyecto_Final_Ferreyra\libs\SFML\include\SFML\System\Exception.hpp(41,47): warning C4275: se ha utilizado una interfaz no de DLL class 'std::runtime_error' como base para la interfaz DLL class 'sf::Exception'
  (compilando archivo de origen "src/LevelCave.cpp")
      C:\Program Files\Microsoft Visual Studio\2022\Community\VC\Tools\MSVC\14.43.34808\include\stdexcept(100,19):
      vea la declaración de 'std::runtime_error'
      D:\Curso c++\ProyectoFinal_BrunoFerreyra\Proyecto_Final_Ferreyra\Proyecto_Final_Ferreyra\libs\SFML\include\SFML\System\Exception.hpp(41,23):
      vea la declaración de 'sf::Exception'
  
D:\Curso c++\ProyectoFinal_BrunoFerreyra\Proyecto_Final_Ferreyra\Proyecto_Final_Ferreyra\src\LevelCave.cpp(6,27): warning C4834: Descartar el valor de retorno de la función con el atributo [[nodiscard]]
  Main.cpp
D:\Curso c++\ProyectoFinal_BrunoFerreyra\Proyecto_Final_Ferreyra\Proyecto_Final_Ferreyra\libs\SFML\include\SFML\System\Exception.hpp(41,47): warning C4275: se ha utilizado una interfaz no de DLL class 'std::runtime_error' como base para la interfaz DLL class 'sf::Exception'
  (compilando archivo de origen "src/Main.cpp")
      C:\Program Files\Microsoft Visual Studio\2022\Community\VC\Tools\MSVC\14.43.34808\include\stdexcept(100,19):
      vea la declaración de 'std::runtime_error'
      D:\Curso c++\ProyectoFinal_BrunoFerreyra\Proyecto_Final_Ferreyra\Proyecto_Final_Ferreyra\libs\SFML\include\SFML\System\Exception.hpp(41,23):
      vea la declaración de 'sf::Exception'
  
  Map.cpp
D:\Curso c++\ProyectoFinal_BrunoFerreyra\Proyecto_Final_Ferreyra\Proyecto_Final_Ferreyra\libs\SFML\include\SFML\System\Exception.hpp(41,47): warning C4275: se ha utilizado una interfaz no de DLL class 'std::runtime_error' como base para la interfaz DLL class 'sf::Exception'
  (compilando archivo de origen "src/Map.cpp")
      C:\Program Files\Microsoft Visual Studio\2022\Community\VC\Tools\MSVC\14.43.34808\include\stdexcept(100,19):
      vea la declaración de 'std::runtime_error'
      D:\Curso c++\ProyectoFinal_BrunoFerreyra\Proyecto_Final_Ferreyra\Proyecto_Final_Ferreyra\libs\SFML\include\SFML\System\Exception.hpp(41,23):
      vea la declaración de 'sf::Exception'
  
  Player.cpp
D:\Curso c++\ProyectoFinal_BrunoFerreyra\Proyecto_Final_Ferreyra\Proyecto_Final_Ferreyra\libs\SFML\include\SFML\System\Exception.hpp(41,47): warning C4275: se ha utilizado una interfaz no de DLL class 'std::runtime_error' como base para la interfaz DLL class 'sf::Exception'
  (compilando archivo de origen "src/Player.cpp")
      C:\Program Files\Microsoft Visual Studio\2022\Community\VC\Tools\MSVC\14.43.34808\include\stdexcept(100,19):
      vea la declaración de 'std::runtime_error'
      D:\Curso c++\ProyectoFinal_BrunoFerreyra\Proyecto_Final_Ferreyra\Proyecto_Final_Ferreyra\libs\SFML\include\SFML\System\Exception.hpp(41,23):
      vea la declaración de 'sf::Exception'
  
  TriggerAsset.cpp
D:\Curso c++\ProyectoFinal_BrunoFerreyra\Proyecto_Final_Ferreyra\Proyecto_Final_Ferreyra\libs\SFML\include\SFML\System\Exception.hpp(41,47): warning C4275: se ha utilizado una interfaz no de DLL class 'std::runtime_error' como base para la interfaz DLL class 'sf::Exception'
  (compilando archivo de origen "src/TriggerAsset.cpp")
      C:\Program Files\Microsoft Visual Studio\2022\Community\VC\Tools\MSVC\14.43.34808\include\stdexcept(100,19):
      vea la declaración de 'std::runtime_error'
      D:\Curso c++\ProyectoFinal_BrunoFerreyra\Proyecto_Final_Ferreyra\Proyecto_Final_Ferreyra\libs\SFML\include\SFML\System\Exception.hpp(41,23):
      vea la declaración de 'sf::Exception'
  
  Woods01.cpp
D:\Curso c++\ProyectoFinal_BrunoFerreyra\Proyecto_Final_Ferreyra\Proyecto_Final_Ferreyra\libs\SFML\include\SFML\System\Exception.hpp(41,47): warning C4275: se ha utilizado una interfaz no de DLL class 'std::runtime_error' como base para la interfaz DLL class 'sf::Exception'
  (compilando archivo de origen "src/Woods01.cpp")
      C:\Program Files\Microsoft Visual Studio\2022\Community\VC\Tools\MSVC\14.43.34808\include\stdexcept(100,19):
      vea la declaración de 'std::runtime_error'
      D:\Curso c++\ProyectoFinal_BrunoFerreyra\Proyecto_Final_Ferreyra\Proyecto_Final_Ferreyra\libs\SFML\include\SFML\System\Exception.hpp(41,23):
      vea la declaración de 'sf::Exception'
  
D:\Curso c++\ProyectoFinal_BrunoFerreyra\Proyecto_Final_Ferreyra\Proyecto_Final_Ferreyra\src\Woods01.cpp(5,27): warning C4834: Descartar el valor de retorno de la función con el atributo [[nodiscard]]
  Woods02.cpp
D:\Curso c++\ProyectoFinal_BrunoFerreyra\Proyecto_Final_Ferreyra\Proyecto_Final_Ferreyra\libs\SFML\include\SFML\System\Exception.hpp(41,47): warning C4275: se ha utilizado una interfaz no de DLL class 'std::runtime_error' como base para la interfaz DLL class 'sf::Exception'
  (compilando archivo de origen "src/Woods02.cpp")
      C:\Program Files\Microsoft Visual Studio\2022\Community\VC\Tools\MSVC\14.43.34808\include\stdexcept(100,19):
      vea la declaración de 'std::runtime_error'
      D:\Curso c++\ProyectoFinal_BrunoFerreyra\Proyecto_Final_Ferreyra\Proyecto_Final_Ferreyra\libs\SFML\include\SFML\System\Exception.hpp(41,23):
      vea la declaración de 'sf::Exception'
  
D:\Curso c++\ProyectoFinal_BrunoFerreyra\Proyecto_Final_Ferreyra\Proyecto_Final_Ferreyra\src\Woods02.cpp(4,27): warning C4834: Descartar el valor de retorno de la función con el atributo [[nodiscard]]
  Woods03.cpp
D:\Curso c++\ProyectoFinal_BrunoFerreyra\Proyecto_Final_Ferreyra\Proyecto_Final_Ferreyra\libs\SFML\include\SFML\System\Exception.hpp(41,47): warning C4275: se ha utilizado una interfaz no de DLL class 'std::runtime_error' como base para la interfaz DLL class 'sf::Exception'
  (compilando archivo de origen "src/Woods03.cpp")
      C:\Program Files\Microsoft Visual Studio\2022\Community\VC\Tools\MSVC\14.43.34808\include\stdexcept(100,19):
      vea la declaración de 'std::runtime_error'
      D:\Curso c++\ProyectoFinal_BrunoFerreyra\Proyecto_Final_Ferreyra\Proyecto_Final_Ferreyra\libs\SFML\include\SFML\System\Exception.hpp(41,23):
      vea la declaración de 'sf::Exception'
  
D:\Curso c++\ProyectoFinal_BrunoFerreyra\Proyecto_Final_Ferreyra\Proyecto_Final_Ferreyra\src\Woods03.cpp(4,27): warning C4834: Descartar el valor de retorno de la función con el atributo [[nodiscard]]
  Generando código...
  Proyecto_Final_Ferreyra.vcxproj -> D:\Curso c++\ProyectoFinal_BrunoFerreyra\Proyecto_Final_Ferreyra\Proyecto_Final_Ferreyra\bin\Debug\Proyecto_Final_Ferreyra.exe
