  Game.cpp
C:\Users\Msi\Documents\GitHub\ProyectoFinal_BrunoFerreyra\Proyecto_Final_Ferreyra\Proyecto_Final_Ferreyra\libs\SFML\include\SFML\System\Exception.hpp(41,47): warning C4275: se ha utilizado una interfaz no de DLL class 'std::runtime_error' como base para la interfaz DLL class 'sf::Exception'
  (compilando archivo de origen "src/Game.cpp")
      C:\Program Files\Microsoft Visual Studio\2022\Community\VC\Tools\MSVC\14.44.35207\include\stdexcept(100,30):
      vea la declaración de 'std::runtime_error'
      C:\Users\Msi\Documents\GitHub\ProyectoFinal_BrunoFerreyra\Proyecto_Final_Ferreyra\Proyecto_Final_Ferreyra\libs\SFML\include\SFML\System\Exception.hpp(41,23):
      vea la declaración de 'sf::Exception'
  
C:\Users\Msi\Documents\GitHub\ProyectoFinal_BrunoFerreyra\Proyecto_Final_Ferreyra\Proyecto_Final_Ferreyra\src\Game.cpp(22,12): warning C4244: 'argumento': conversión de 'time_t' a 'unsigned int'; posible pérdida de datos
  Gameplay.cpp
C:\Users\Msi\Documents\GitHub\ProyectoFinal_BrunoFerreyra\Proyecto_Final_Ferreyra\Proyecto_Final_Ferreyra\libs\SFML\include\SFML\System\Exception.hpp(41,47): warning C4275: se ha utilizado una interfaz no de DLL class 'std::runtime_error' como base para la interfaz DLL class 'sf::Exception'
  (compilando archivo de origen "src/Gameplay.cpp")
      C:\Program Files\Microsoft Visual Studio\2022\Community\VC\Tools\MSVC\14.44.35207\include\stdexcept(100,30):
      vea la declaración de 'std::runtime_error'
      C:\Users\Msi\Documents\GitHub\ProyectoFinal_BrunoFerreyra\Proyecto_Final_Ferreyra\Proyecto_Final_Ferreyra\libs\SFML\include\SFML\System\Exception.hpp(41,23):
      vea la declaración de 'sf::Exception'
  
  Main.cpp
C:\Users\Msi\Documents\GitHub\ProyectoFinal_BrunoFerreyra\Proyecto_Final_Ferreyra\Proyecto_Final_Ferreyra\libs\SFML\include\SFML\System\Exception.hpp(41,47): warning C4275: se ha utilizado una interfaz no de DLL class 'std::runtime_error' como base para la interfaz DLL class 'sf::Exception'
  (compilando archivo de origen "src/Main.cpp")
      C:\Program Files\Microsoft Visual Studio\2022\Community\VC\Tools\MSVC\14.44.35207\include\stdexcept(100,30):
      vea la declaración de 'std::runtime_error'
      C:\Users\Msi\Documents\GitHub\ProyectoFinal_BrunoFerreyra\Proyecto_Final_Ferreyra\Proyecto_Final_Ferreyra\libs\SFML\include\SFML\System\Exception.hpp(41,23):
      vea la declaración de 'sf::Exception'
  
  Pause.cpp
C:\Users\Msi\Documents\GitHub\ProyectoFinal_BrunoFerreyra\Proyecto_Final_Ferreyra\Proyecto_Final_Ferreyra\libs\SFML\include\SFML\System\Exception.hpp(41,47): warning C4275: se ha utilizado una interfaz no de DLL class 'std::runtime_error' como base para la interfaz DLL class 'sf::Exception'
  (compilando archivo de origen "src/Pause.cpp")
      C:\Program Files\Microsoft Visual Studio\2022\Community\VC\Tools\MSVC\14.44.35207\include\stdexcept(100,30):
      vea la declaración de 'std::runtime_error'
      C:\Users\Msi\Documents\GitHub\ProyectoFinal_BrunoFerreyra\Proyecto_Final_Ferreyra\Proyecto_Final_Ferreyra\libs\SFML\include\SFML\System\Exception.hpp(41,23):
      vea la declaración de 'sf::Exception'
  
  Generando código
  13 of 2178 functions ( 0.6%) were compiled, the rest were copied from previous compilation.
    0 functions were new in current compilation
    3 functions had inline decision re-evaluated but remain unchanged
  Generación de código finalizada
  Proyecto_Final_Ferreyra.vcxproj -> C:\Users\Msi\Documents\GitHub\ProyectoFinal_BrunoFerreyra\Proyecto_Final_Ferreyra\Proyecto_Final_Ferreyra\bin\Release\Proyecto_Final_Ferreyra.exe
